logs/sweep_baseline.txt
Using baseline attention init
run_id:sweep_baseline
mlx_version:0.31.1
train_loader:shards pattern=./data/datasets/fineweb10B_sp1024/fineweb_train_*.bin
val_loader:shards pattern=./data/datasets/fineweb10B_sp1024/fineweb_val_*.bin tokens:62021632
WARNING: train_loader:subset dataset:fineweb10B_sp1024 train_shards:1/195 new epochs will arrive sooner than the full dataset
tokenizer_path:./data/tokenizers/fineweb_1024_bpe.model
model_params:17059912 vocab_size:1024 layers:9 dim:512 heads:8 kv_heads:4 seq_len:1024 tie_embeddings:True
iterations:200 train_batch_tokens:8192 grad_accum_steps:8 microbatch_tokens:1024 microbatch_batch_size:1 val_batch_size:524288 warmup_steps:20 max_wallclock_seconds:600.000
mlx_max_microbatch_tokens:8192
optimizer:muon+adam muon_matrix_params:54 scalar_params:37 embed_lr:0.05 matrix_lr:0.04 scalar_lr:0.04 muon_momentum:0.95 muon_steps:5
val_bpb:enabled tokenizer_kind=sentencepiece tokenizer_path=./data/tokenizers/fineweb_1024_bpe.model
compute_dtype:mlx.core.bfloat16 compile:True
dtypes tok_emb:mlx.core.bfloat16 linear_weight:mlx.core.float32 skip_weights:mlx.core.float32
warmup_step:1/20
warmup_step:2/20
warmup_step:3/20
warmup_step:4/20
warmup_step:5/20
warmup_step:6/20
warmup_step:7/20
warmup_step:8/20
warmup_step:9/20
warmup_step:10/20
warmup_step:11/20
warmup_step:12/20
warmup_step:13/20
warmup_step:14/20
warmup_step:15/20
warmup_step:16/20
warmup_step:17/20
warmup_step:18/20
warmup_step:19/20
warmup_step:20/20
step:1/200 train_loss:6.9428 train_time:253ms step_avg:253.46ms tok_s:32322
step:2/200 train_loss:18.7861 train_time:545ms step_avg:272.73ms tok_s:28074
step:3/200 train_loss:14.4132 train_time:829ms step_avg:276.43ms tok_s:28880
step:4/200 train_loss:10.0909 train_time:1112ms step_avg:277.99ms tok_s:28998
step:5/200 train_loss:7.7972 train_time:1393ms step_avg:278.51ms tok_s:29219
step:6/200 train_loss:6.9914 train_time:1670ms step_avg:278.29ms tok_s:29571
step:7/200 train_loss:6.7302 train_time:1947ms step_avg:278.14ms tok_s:29564
step:8/200 train_loss:6.6821 train_time:2225ms step_avg:278.12ms tok_s:29492
step:9/200 train_loss:6.5225 train_time:2504ms step_avg:278.22ms tok_s:29384
step:10/200 train_loss:6.3709 train_time:2778ms step_avg:277.84ms tok_s:29871
step:25/200 train_loss:5.3480 train_time:6921ms step_avg:276.84ms tok_s:29911
step:50/200 train_loss:4.6446 train_time:13298ms step_avg:265.95ms tok_s:32979
step:75/200 train_loss:4.3369 train_time:19548ms step_avg:260.64ms tok_s:32593
step:100/200 train_loss:4.3620 train_time:25878ms step_avg:258.78ms tok_s:31661
step:125/200 train_loss:4.0753 train_time:32356ms step_avg:258.85ms tok_s:31781
step:150/200 train_loss:4.2413 train_time:38902ms step_avg:259.35ms tok_s:31131
step:175/200 train_loss:3.8137 train_time:45509ms step_avg:260.05ms tok_s:31265
step:200/200 train_loss:3.9150 train_time:52174ms step_avg:260.87ms tok_s:30571
val_progress:1/20
step:200/200 val_loss:4.0638 val_bpb:2.4295 train_time:52174ms step_avg:260.87ms
saved_model:logs/sweep_baseline_mlx_model.npz bytes:67212188
serialized_model_int8_zlib:11262120 bytes (payload:17178912 raw_pickle:17188361 payload_ratio:3.91x)
val_progress:1/20
final_int8_zlib_roundtrip val_loss:4.0640 val_bpb:2.4296 eval_time:6190ms
final_int8_zlib_roundtrip_exact val_loss:4.06397978 val_bpb:2.42961061
