logs/sweep_bigram_emb_plus_circuit.txt
Applied embedding init strategy: bigram_emb_plus_circuit
run_id:sweep_bigram_emb_plus_circuit
mlx_version:0.31.1
train_loader:shards pattern=./data/datasets/fineweb10B_sp1024/fineweb_train_*.bin
val_loader:shards pattern=./data/datasets/fineweb10B_sp1024/fineweb_val_*.bin tokens:62021632
WARNING: train_loader:subset dataset:fineweb10B_sp1024 train_shards:1/195 new epochs will arrive sooner than the full dataset
tokenizer_path:./data/tokenizers/fineweb_1024_bpe.model
model_params:17059912 vocab_size:1024 layers:9 dim:512 heads:8 kv_heads:4 seq_len:1024 tie_embeddings:True
iterations:200 train_batch_tokens:8192 grad_accum_steps:8 microbatch_tokens:1024 microbatch_batch_size:1 val_batch_size:524288 warmup_steps:20 max_wallclock_seconds:600.000
mlx_max_microbatch_tokens:8192
optimizer:muon+adam muon_matrix_params:54 scalar_params:37 embed_lr:0.05 matrix_lr:0.04 scalar_lr:0.04 muon_momentum:0.95 muon_steps:5
val_bpb:enabled tokenizer_kind=sentencepiece tokenizer_path=./data/tokenizers/fineweb_1024_bpe.model
compute_dtype:mlx.core.bfloat16 compile:True
dtypes tok_emb:mlx.core.bfloat16 linear_weight:mlx.core.float32 skip_weights:mlx.core.float32
warmup_step:1/20
warmup_step:2/20
warmup_step:3/20
warmup_step:4/20
warmup_step:5/20
warmup_step:6/20
warmup_step:7/20
warmup_step:8/20
warmup_step:9/20
warmup_step:10/20
warmup_step:11/20
warmup_step:12/20
warmup_step:13/20
warmup_step:14/20
warmup_step:15/20
warmup_step:16/20
warmup_step:17/20
warmup_step:18/20
warmup_step:19/20
warmup_step:20/20
step:1/200 train_loss:6.8518 train_time:215ms step_avg:214.84ms tok_s:38132
step:2/200 train_loss:19.3331 train_time:463ms step_avg:231.43ms tok_s:33056
step:3/200 train_loss:12.8213 train_time:713ms step_avg:237.51ms tok_s:32833
step:4/200 train_loss:8.6102 train_time:964ms step_avg:240.88ms tok_s:32665
step:5/200 train_loss:7.0108 train_time:1215ms step_avg:243.02ms tok_s:32586
step:6/200 train_loss:6.3843 train_time:1466ms step_avg:244.28ms tok_s:32719
step:7/200 train_loss:6.1542 train_time:1717ms step_avg:245.30ms tok_s:32600
step:8/200 train_loss:6.1383 train_time:1968ms step_avg:246.03ms tok_s:32645
step:9/200 train_loss:6.0155 train_time:2219ms step_avg:246.60ms tok_s:32641
step:10/200 train_loss:5.9694 train_time:2470ms step_avg:246.97ms tok_s:32750
step:25/200 train_loss:5.0978 train_time:6220ms step_avg:248.79ms tok_s:32576
step:50/200 train_loss:4.7161 train_time:12486ms step_avg:249.72ms tok_s:32445
step:75/200 train_loss:4.3629 train_time:18845ms step_avg:251.26ms tok_s:31987
step:100/200 train_loss:4.3563 train_time:25246ms step_avg:252.46ms tok_s:31981
step:125/200 train_loss:4.0029 train_time:31677ms step_avg:253.41ms tok_s:31643
step:150/200 train_loss:4.1692 train_time:38134ms step_avg:254.23ms tok_s:31671
step:175/200 train_loss:3.7473 train_time:44628ms step_avg:255.02ms tok_s:31449
step:200/200 train_loss:3.7869 train_time:51144ms step_avg:255.72ms tok_s:31533
val_progress:1/20
step:200/200 val_loss:3.9955 val_bpb:2.3887 train_time:51144ms step_avg:255.72ms
saved_model:logs/sweep_bigram_emb_plus_circuit_mlx_model.npz bytes:67212188
serialized_model_int8_zlib:11164696 bytes (payload:17178912 raw_pickle:17188361 payload_ratio:3.91x)
val_progress:1/20
final_int8_zlib_roundtrip val_loss:3.9962 val_bpb:2.3891 eval_time:5868ms
final_int8_zlib_roundtrip_exact val_loss:3.99618990 val_bpb:2.38908309
