logs/sweep_full_circuit.txt
Applied attention init strategy: full_circuit
run_id:sweep_full_circuit
mlx_version:0.31.1
train_loader:shards pattern=./data/datasets/fineweb10B_sp1024/fineweb_train_*.bin
val_loader:shards pattern=./data/datasets/fineweb10B_sp1024/fineweb_val_*.bin tokens:62021632
WARNING: train_loader:subset dataset:fineweb10B_sp1024 train_shards:1/195 new epochs will arrive sooner than the full dataset
tokenizer_path:./data/tokenizers/fineweb_1024_bpe.model
model_params:17059912 vocab_size:1024 layers:9 dim:512 heads:8 kv_heads:4 seq_len:1024 tie_embeddings:True
iterations:200 train_batch_tokens:8192 grad_accum_steps:8 microbatch_tokens:1024 microbatch_batch_size:1 val_batch_size:524288 warmup_steps:20 max_wallclock_seconds:600.000
mlx_max_microbatch_tokens:8192
optimizer:muon+adam muon_matrix_params:54 scalar_params:37 embed_lr:0.05 matrix_lr:0.04 scalar_lr:0.04 muon_momentum:0.95 muon_steps:5
val_bpb:enabled tokenizer_kind=sentencepiece tokenizer_path=./data/tokenizers/fineweb_1024_bpe.model
compute_dtype:mlx.core.bfloat16 compile:True
dtypes tok_emb:mlx.core.bfloat16 linear_weight:mlx.core.float32 skip_weights:mlx.core.float32
warmup_step:1/20
warmup_step:2/20
warmup_step:3/20
warmup_step:4/20
warmup_step:5/20
warmup_step:6/20
warmup_step:7/20
warmup_step:8/20
warmup_step:9/20
warmup_step:10/20
warmup_step:11/20
warmup_step:12/20
warmup_step:13/20
warmup_step:14/20
warmup_step:15/20
warmup_step:16/20
warmup_step:17/20
warmup_step:18/20
warmup_step:19/20
warmup_step:20/20
step:1/200 train_loss:6.9428 train_time:291ms step_avg:291.28ms tok_s:28125
step:2/200 train_loss:18.8113 train_time:627ms step_avg:313.72ms tok_s:24383
step:3/200 train_loss:14.6016 train_time:954ms step_avg:317.90ms tok_s:25125
step:4/200 train_loss:10.4738 train_time:1269ms step_avg:317.34ms tok_s:25970
step:5/200 train_loss:8.0208 train_time:1584ms step_avg:316.74ms tok_s:26100
step:6/200 train_loss:7.0303 train_time:1893ms step_avg:315.42ms tok_s:26548
step:7/200 train_loss:6.6792 train_time:2201ms step_avg:314.45ms tok_s:26561
step:8/200 train_loss:6.6373 train_time:2509ms step_avg:313.60ms tok_s:26647
step:9/200 train_loss:6.4862 train_time:2815ms step_avg:312.80ms tok_s:26776
step:10/200 train_loss:6.3347 train_time:3123ms step_avg:312.28ms tok_s:26653
step:25/200 train_loss:5.2128 train_time:8173ms step_avg:326.94ms tok_s:25380
step:50/200 train_loss:4.7192 train_time:16313ms step_avg:326.25ms tok_s:23550
step:75/200 train_loss:4.3770 train_time:24721ms step_avg:329.61ms tok_s:25686
step:100/200 train_loss:4.3967 train_time:33459ms step_avg:334.59ms tok_s:23403
step:125/200 train_loss:4.0818 train_time:42164ms step_avg:337.31ms tok_s:25572
step:150/200 train_loss:4.2394 train_time:51644ms step_avg:344.29ms tok_s:22527
step:175/200 train_loss:3.8119 train_time:60677ms step_avg:346.73ms tok_s:24598
step:200/200 train_loss:3.8971 train_time:68479ms step_avg:342.40ms tok_s:26760
val_progress:1/20
step:200/200 val_loss:4.0468 val_bpb:2.4194 train_time:68479ms step_avg:342.40ms
saved_model:logs/sweep_full_circuit_mlx_model.npz bytes:67212188
serialized_model_int8_zlib:11185709 bytes (payload:17178912 raw_pickle:17188361 payload_ratio:3.91x)
val_progress:1/20
final_int8_zlib_roundtrip val_loss:4.0473 val_bpb:2.4197 eval_time:8003ms
final_int8_zlib_roundtrip_exact val_loss:4.04733356 val_bpb:2.41965883
