logs/sweep_identity_qk.txt
Applied attention init strategy: identity_qk
run_id:sweep_identity_qk
mlx_version:0.31.1
train_loader:shards pattern=./data/datasets/fineweb10B_sp1024/fineweb_train_*.bin
val_loader:shards pattern=./data/datasets/fineweb10B_sp1024/fineweb_val_*.bin tokens:62021632
WARNING: train_loader:subset dataset:fineweb10B_sp1024 train_shards:1/195 new epochs will arrive sooner than the full dataset
tokenizer_path:./data/tokenizers/fineweb_1024_bpe.model
model_params:17059912 vocab_size:1024 layers:9 dim:512 heads:8 kv_heads:4 seq_len:1024 tie_embeddings:True
iterations:200 train_batch_tokens:8192 grad_accum_steps:8 microbatch_tokens:1024 microbatch_batch_size:1 val_batch_size:524288 warmup_steps:20 max_wallclock_seconds:600.000
mlx_max_microbatch_tokens:8192
optimizer:muon+adam muon_matrix_params:54 scalar_params:37 embed_lr:0.05 matrix_lr:0.04 scalar_lr:0.04 muon_momentum:0.95 muon_steps:5
val_bpb:enabled tokenizer_kind=sentencepiece tokenizer_path=./data/tokenizers/fineweb_1024_bpe.model
compute_dtype:mlx.core.bfloat16 compile:True
dtypes tok_emb:mlx.core.bfloat16 linear_weight:mlx.core.float32 skip_weights:mlx.core.float32
warmup_step:1/20
warmup_step:2/20
warmup_step:3/20
warmup_step:4/20
warmup_step:5/20
warmup_step:6/20
warmup_step:7/20
warmup_step:8/20
warmup_step:9/20
warmup_step:10/20
warmup_step:11/20
warmup_step:12/20
warmup_step:13/20
warmup_step:14/20
warmup_step:15/20
warmup_step:16/20
warmup_step:17/20
warmup_step:18/20
warmup_step:19/20
warmup_step:20/20
step:1/200 train_loss:6.9428 train_time:303ms step_avg:302.80ms tok_s:27054
step:2/200 train_loss:18.7626 train_time:646ms step_avg:323.14ms tok_s:23863
step:3/200 train_loss:14.2825 train_time:984ms step_avg:327.91ms tok_s:24288
step:4/200 train_loss:9.9222 train_time:1314ms step_avg:328.61ms tok_s:24786
step:5/200 train_loss:7.7495 train_time:1652ms step_avg:330.50ms tok_s:24245
step:6/200 train_loss:6.9831 train_time:1981ms step_avg:330.16ms tok_s:24959
step:7/200 train_loss:6.7164 train_time:2306ms step_avg:329.45ms tok_s:25204
step:8/200 train_loss:6.6688 train_time:2635ms step_avg:329.41ms tok_s:24907
step:9/200 train_loss:6.5217 train_time:2968ms step_avg:329.80ms tok_s:24618
step:10/200 train_loss:6.3866 train_time:3301ms step_avg:330.13ms tok_s:24614
step:25/200 train_loss:5.3069 train_time:8208ms step_avg:328.30ms tok_s:24993
step:50/200 train_loss:4.6442 train_time:16544ms step_avg:330.89ms tok_s:24997
step:75/200 train_loss:4.3327 train_time:24703ms step_avg:329.38ms tok_s:24364
step:100/200 train_loss:4.3830 train_time:32928ms step_avg:329.28ms tok_s:24790
step:125/200 train_loss:4.0671 train_time:41081ms step_avg:328.65ms tok_s:24703
step:150/200 train_loss:4.2198 train_time:49350ms step_avg:329.00ms tok_s:25297
step:175/200 train_loss:3.8089 train_time:57331ms step_avg:327.61ms tok_s:25066
step:200/200 train_loss:3.8981 train_time:65418ms step_avg:327.09ms tok_s:24936
val_progress:1/20
step:200/200 val_loss:4.0501 val_bpb:2.4213 train_time:65418ms step_avg:327.09ms
saved_model:logs/sweep_identity_qk_mlx_model.npz bytes:67212188
serialized_model_int8_zlib:11239183 bytes (payload:17178912 raw_pickle:17188361 payload_ratio:3.91x)
val_progress:1/20
final_int8_zlib_roundtrip val_loss:4.0506 val_bpb:2.4216 eval_time:7651ms
final_int8_zlib_roundtrip_exact val_loss:4.05057139 val_bpb:2.42159453
