logs/sweep_mimetic.txt
Applied attention init strategy: mimetic
run_id:sweep_mimetic
mlx_version:0.31.1
train_loader:shards pattern=./data/datasets/fineweb10B_sp1024/fineweb_train_*.bin
val_loader:shards pattern=./data/datasets/fineweb10B_sp1024/fineweb_val_*.bin tokens:62021632
WARNING: train_loader:subset dataset:fineweb10B_sp1024 train_shards:1/195 new epochs will arrive sooner than the full dataset
tokenizer_path:./data/tokenizers/fineweb_1024_bpe.model
model_params:17059912 vocab_size:1024 layers:9 dim:512 heads:8 kv_heads:4 seq_len:1024 tie_embeddings:True
iterations:200 train_batch_tokens:8192 grad_accum_steps:8 microbatch_tokens:1024 microbatch_batch_size:1 val_batch_size:524288 warmup_steps:20 max_wallclock_seconds:600.000
mlx_max_microbatch_tokens:8192
optimizer:muon+adam muon_matrix_params:54 scalar_params:37 embed_lr:0.05 matrix_lr:0.04 scalar_lr:0.04 muon_momentum:0.95 muon_steps:5
val_bpb:enabled tokenizer_kind=sentencepiece tokenizer_path=./data/tokenizers/fineweb_1024_bpe.model
compute_dtype:mlx.core.bfloat16 compile:True
dtypes tok_emb:mlx.core.bfloat16 linear_weight:mlx.core.float32 skip_weights:mlx.core.float32
warmup_step:1/20
warmup_step:2/20
warmup_step:3/20
warmup_step:4/20
warmup_step:5/20
warmup_step:6/20
warmup_step:7/20
warmup_step:8/20
warmup_step:9/20
warmup_step:10/20
warmup_step:11/20
warmup_step:12/20
warmup_step:13/20
warmup_step:14/20
warmup_step:15/20
warmup_step:16/20
warmup_step:17/20
warmup_step:18/20
warmup_step:19/20
warmup_step:20/20
step:1/200 train_loss:6.9413 train_time:216ms step_avg:215.89ms tok_s:37946
step:2/200 train_loss:18.5594 train_time:467ms step_avg:233.37ms tok_s:32683
step:3/200 train_loss:13.3070 train_time:717ms step_avg:238.86ms tok_s:32815
step:4/200 train_loss:8.8533 train_time:967ms step_avg:241.86ms tok_s:32684
step:5/200 train_loss:7.5195 train_time:1220ms step_avg:243.91ms tok_s:32513
step:6/200 train_loss:7.0493 train_time:1472ms step_avg:245.26ms tok_s:32539
step:7/200 train_loss:6.7508 train_time:1722ms step_avg:246.02ms tok_s:32716
step:8/200 train_loss:6.6423 train_time:1973ms step_avg:246.65ms tok_s:32660
step:9/200 train_loss:6.4749 train_time:2224ms step_avg:247.16ms tok_s:32637
step:10/200 train_loss:6.3534 train_time:2477ms step_avg:247.70ms tok_s:32467
step:25/200 train_loss:5.5141 train_time:6452ms step_avg:258.08ms tok_s:30107
step:50/200 train_loss:4.7643 train_time:13356ms step_avg:267.13ms tok_s:29264
step:75/200 train_loss:4.4042 train_time:20319ms step_avg:270.92ms tok_s:29146
step:100/200 train_loss:4.4033 train_time:27343ms step_avg:273.43ms tok_s:29004
step:125/200 train_loss:4.1145 train_time:34442ms step_avg:275.54ms tok_s:28980
step:150/200 train_loss:4.2644 train_time:41647ms step_avg:277.64ms tok_s:27769
step:175/200 train_loss:3.8512 train_time:49005ms step_avg:280.03ms tok_s:28030
step:200/200 train_loss:3.9221 train_time:56466ms step_avg:282.33ms tok_s:27534
val_progress:1/20
step:200/200 val_loss:4.0747 val_bpb:2.4360 train_time:56466ms step_avg:282.33ms
saved_model:logs/sweep_mimetic_mlx_model.npz bytes:67212188
serialized_model_int8_zlib:11353252 bytes (payload:17178912 raw_pickle:17188361 payload_ratio:3.91x)
val_progress:1/20
final_int8_zlib_roundtrip val_loss:4.0749 val_bpb:2.4361 eval_time:7898ms
final_int8_zlib_roundtrip_exact val_loss:4.07486670 val_bpb:2.43611924
