logs/sweep_ortho_head.txt
Applied attention init strategy: ortho_head
run_id:sweep_ortho_head
mlx_version:0.31.1
train_loader:shards pattern=./data/datasets/fineweb10B_sp1024/fineweb_train_*.bin
val_loader:shards pattern=./data/datasets/fineweb10B_sp1024/fineweb_val_*.bin tokens:62021632
WARNING: train_loader:subset dataset:fineweb10B_sp1024 train_shards:1/195 new epochs will arrive sooner than the full dataset
tokenizer_path:./data/tokenizers/fineweb_1024_bpe.model
model_params:17059912 vocab_size:1024 layers:9 dim:512 heads:8 kv_heads:4 seq_len:1024 tie_embeddings:True
iterations:200 train_batch_tokens:8192 grad_accum_steps:8 microbatch_tokens:1024 microbatch_batch_size:1 val_batch_size:524288 warmup_steps:20 max_wallclock_seconds:600.000
mlx_max_microbatch_tokens:8192
optimizer:muon+adam muon_matrix_params:54 scalar_params:37 embed_lr:0.05 matrix_lr:0.04 scalar_lr:0.04 muon_momentum:0.95 muon_steps:5
val_bpb:enabled tokenizer_kind=sentencepiece tokenizer_path=./data/tokenizers/fineweb_1024_bpe.model
compute_dtype:mlx.core.bfloat16 compile:True
dtypes tok_emb:mlx.core.bfloat16 linear_weight:mlx.core.float32 skip_weights:mlx.core.float32
warmup_step:1/20
warmup_step:2/20
warmup_step:3/20
warmup_step:4/20
warmup_step:5/20
warmup_step:6/20
warmup_step:7/20
warmup_step:8/20
warmup_step:9/20
warmup_step:10/20
warmup_step:11/20
warmup_step:12/20
warmup_step:13/20
warmup_step:14/20
warmup_step:15/20
warmup_step:16/20
warmup_step:17/20
warmup_step:18/20
warmup_step:19/20
warmup_step:20/20
step:1/200 train_loss:6.9428 train_time:302ms step_avg:302.04ms tok_s:27123
step:2/200 train_loss:18.8143 train_time:643ms step_avg:321.40ms tok_s:24052
step:3/200 train_loss:14.6959 train_time:973ms step_avg:324.47ms tok_s:24801
step:4/200 train_loss:10.6730 train_time:1295ms step_avg:323.67ms tok_s:25514
step:5/200 train_loss:8.1552 train_time:1612ms step_avg:322.50ms tok_s:25791
step:6/200 train_loss:7.0602 train_time:1924ms step_avg:320.69ms tok_s:26294
step:7/200 train_loss:6.6494 train_time:2240ms step_avg:319.93ms tok_s:26006
step:8/200 train_loss:6.6204 train_time:2556ms step_avg:319.46ms tok_s:25932
step:9/200 train_loss:6.4518 train_time:2869ms step_avg:318.75ms tok_s:26189
step:10/200 train_loss:6.3066 train_time:3181ms step_avg:318.14ms tok_s:26233
step:25/200 train_loss:5.2116 train_time:7887ms step_avg:315.47ms tok_s:26167
step:50/200 train_loss:4.7138 train_time:15799ms step_avg:315.99ms tok_s:26017
step:75/200 train_loss:4.4070 train_time:23644ms step_avg:315.26ms tok_s:26221
step:100/200 train_loss:4.4303 train_time:31488ms step_avg:314.88ms tok_s:26033
step:125/200 train_loss:4.1281 train_time:39658ms step_avg:317.26ms tok_s:25521
step:150/200 train_loss:4.2656 train_time:47657ms step_avg:317.72ms tok_s:25168
step:175/200 train_loss:3.8492 train_time:55575ms step_avg:317.57ms tok_s:26525
step:200/200 train_loss:3.9312 train_time:63785ms step_avg:318.93ms tok_s:23890
val_progress:1/20
step:200/200 val_loss:4.0775 val_bpb:2.4377 train_time:63786ms step_avg:318.93ms
saved_model:logs/sweep_ortho_head_mlx_model.npz bytes:67212188
serialized_model_int8_zlib:11110655 bytes (payload:17178912 raw_pickle:17188361 payload_ratio:3.91x)
val_progress:1/20
final_int8_zlib_roundtrip val_loss:4.0790 val_bpb:2.4386 eval_time:8063ms
final_int8_zlib_roundtrip_exact val_loss:4.07903588 val_bpb:2.43861175
