logs/sweep_spectral.txt
Applied attention init strategy: spectral
run_id:sweep_spectral
mlx_version:0.31.1
train_loader:shards pattern=./data/datasets/fineweb10B_sp1024/fineweb_train_*.bin
val_loader:shards pattern=./data/datasets/fineweb10B_sp1024/fineweb_val_*.bin tokens:62021632
WARNING: train_loader:subset dataset:fineweb10B_sp1024 train_shards:1/195 new epochs will arrive sooner than the full dataset
tokenizer_path:./data/tokenizers/fineweb_1024_bpe.model
model_params:17059912 vocab_size:1024 layers:9 dim:512 heads:8 kv_heads:4 seq_len:1024 tie_embeddings:True
iterations:200 train_batch_tokens:8192 grad_accum_steps:8 microbatch_tokens:1024 microbatch_batch_size:1 val_batch_size:524288 warmup_steps:20 max_wallclock_seconds:600.000
mlx_max_microbatch_tokens:8192
optimizer:muon+adam muon_matrix_params:54 scalar_params:37 embed_lr:0.05 matrix_lr:0.04 scalar_lr:0.04 muon_momentum:0.95 muon_steps:5
val_bpb:enabled tokenizer_kind=sentencepiece tokenizer_path=./data/tokenizers/fineweb_1024_bpe.model
compute_dtype:mlx.core.bfloat16 compile:True
dtypes tok_emb:mlx.core.bfloat16 linear_weight:mlx.core.float32 skip_weights:mlx.core.float32
warmup_step:1/20
warmup_step:2/20
warmup_step:3/20
warmup_step:4/20
warmup_step:5/20
warmup_step:6/20
warmup_step:7/20
warmup_step:8/20
warmup_step:9/20
warmup_step:10/20
warmup_step:11/20
warmup_step:12/20
warmup_step:13/20
warmup_step:14/20
warmup_step:15/20
warmup_step:16/20
warmup_step:17/20
warmup_step:18/20
warmup_step:19/20
warmup_step:20/20
step:1/200 train_loss:6.9428 train_time:320ms step_avg:320.31ms tok_s:25576
step:2/200 train_loss:18.8150 train_time:673ms step_avg:336.62ms tok_s:23226
step:3/200 train_loss:14.7156 train_time:1016ms step_avg:338.61ms tok_s:23927
step:4/200 train_loss:10.7039 train_time:1343ms step_avg:335.65ms tok_s:25080
step:5/200 train_loss:8.1836 train_time:1664ms step_avg:332.79ms tok_s:25513
step:6/200 train_loss:7.0752 train_time:1982ms step_avg:330.26ms tok_s:25812
step:7/200 train_loss:6.6504 train_time:2297ms step_avg:328.08ms tok_s:26021
step:8/200 train_loss:6.6094 train_time:2622ms step_avg:327.69ms tok_s:25221
step:9/200 train_loss:6.4432 train_time:2946ms step_avg:327.28ms tok_s:25301
step:10/200 train_loss:6.3051 train_time:3265ms step_avg:326.48ms tok_s:25678
step:25/200 train_loss:5.1761 train_time:8060ms step_avg:322.39ms tok_s:25475
step:50/200 train_loss:4.7114 train_time:16084ms step_avg:321.68ms tok_s:25041
step:75/200 train_loss:4.3973 train_time:24449ms step_avg:325.98ms tok_s:25418
step:100/200 train_loss:4.4286 train_time:32845ms step_avg:328.45ms tok_s:23962
step:125/200 train_loss:4.1059 train_time:41379ms step_avg:331.04ms tok_s:24804
step:150/200 train_loss:4.2562 train_time:49787ms step_avg:331.91ms tok_s:23423
step:175/200 train_loss:3.8330 train_time:57934ms step_avg:331.05ms tok_s:25361
step:200/200 train_loss:3.9232 train_time:66112ms step_avg:330.56ms tok_s:24860
val_progress:1/20
step:200/200 val_loss:4.0717 val_bpb:2.4342 train_time:66112ms step_avg:330.56ms
saved_model:logs/sweep_spectral_mlx_model.npz bytes:67212188
serialized_model_int8_zlib:11122579 bytes (payload:17178912 raw_pickle:17188361 payload_ratio:3.91x)
val_progress:1/20
final_int8_zlib_roundtrip val_loss:4.0728 val_bpb:2.4349 eval_time:7795ms
final_int8_zlib_roundtrip_exact val_loss:4.07275572 val_bpb:2.43485721
